// Vitest Snapshot v1, https://vitest.dev/guide/snapshot.html

exports[`buildGenerationPlan > matches the recorded plan for the backend preset 1`] = `
{
  "commands": [
    [
      "git",
      "git",
      "init",
    ],
    [
      "install",
      "npm",
      "install",
    ],
    [
      "hooks",
      "npm",
      "exec",
      "--",
      "husky",
    ],
    [
      "postInstall",
      "npm",
      "exec",
      "--",
      "prisma",
      "generate",
    ],
  ],
  "files": [
    {
      "mode": "644",
      "path": ".devstack/stack.json",
      "sha256": "d2fc5be2af6a66dc",
      "strategy": "create",
    },
    {
      "mode": "644",
      "path": ".env.example",
      "sha256": "45be23a9863a636b",
      "strategy": "create",
    },
    {
      "mode": "644",
      "path": ".gitignore",
      "sha256": "ef4553fdf74885ae",
      "strategy": "create",
    },
    {
      "mode": "755",
      "path": ".husky/commit-msg",
      "sha256": "04eb86d55d040104",
      "strategy": "create",
    },
    {
      "mode": "755",
      "path": ".husky/pre-commit",
      "sha256": "3313a08cef137860",
      "strategy": "create",
    },
    {
      "mode": "644",
      "path": ".lintstagedrc.json",
      "sha256": "f135a309c94d9a7e",
      "strategy": "skip-if-exists",
    },
    {
      "mode": "644",
      "path": ".prettierignore",
      "sha256": "4b9b1146850f85c1",
      "strategy": "create",
    },
    {
      "mode": "644",
      "path": ".prettierrc",
      "sha256": "a55df59e012d84d8",
      "strategy": "create",
    },
    {
      "mode": "644",
      "path": "commitlint.config.cjs",
      "sha256": "23b0be1422f088bf",
      "strategy": "skip-if-exists",
    },
    {
      "mode": "644",
      "path": "eslint.config.mjs",
      "sha256": "0839e11e6a1bdbee",
      "strategy": "create",
    },
    {
      "mode": "644",
      "path": "package.json",
      "sha256": "d9b57ef4eedfc9df",
      "strategy": "create",
    },
    {
      "mode": "644",
      "path": "prisma.config.mjs",
      "sha256": "dd97f334883a822b",
      "strategy": "create",
    },
    {
      "mode": "644",
      "path": "prisma/schema.prisma",
      "sha256": "172880a592de53dd",
      "strategy": "create",
    },
    {
      "mode": "644",
      "path": "README.md",
      "sha256": "25a6ec74b7b8ad8f",
      "strategy": "skip-if-exists",
    },
    {
      "mode": "644",
      "path": "src/app.ts",
      "sha256": "230c07c417571288",
      "strategy": "create",
    },
    {
      "mode": "644",
      "path": "src/application/.gitkeep",
      "sha256": "e3b0c44298fc1c14",
      "strategy": "create",
    },
    {
      "mode": "644",
      "path": "src/domain/.gitkeep",
      "sha256": "e3b0c44298fc1c14",
      "strategy": "create",
    },
    {
      "mode": "644",
      "path": "src/index.ts",
      "sha256": "43211c37c3a1cec8",
      "strategy": "create",
    },
    {
      "mode": "644",
      "path": "src/infrastructure/.gitkeep",
      "sha256": "e3b0c44298fc1c14",
      "strategy": "create",
    },
    {
      "mode": "644",
      "path": "src/interfaces/.gitkeep",
      "sha256": "e3b0c44298fc1c14",
      "strategy": "create",
    },
    {
      "mode": "644",
      "path": "src/lib/prisma.ts",
      "sha256": "bee0323891a42428",
      "strategy": "create",
    },
    {
      "mode": "644",
      "path": "src/middlewares/compression.ts",
      "sha256": "345c26a8946e8d83",
      "strategy": "create",
    },
    {
      "mode": "644",
      "path": "src/middlewares/cors.ts",
      "sha256": "2dabecc5f794321d",
      "strategy": "create",
    },
    {
      "mode": "644",
      "path": "src/middlewares/helmet.ts",
      "sha256": "fcd2176ce0ddb5f7",
      "strategy": "create",
    },
    {
      "mode": "644",
      "path": "src/middlewares/origin-check.ts",
      "sha256": "aff5f991bcfab39c",
      "strategy": "create",
    },
    {
      "mode": "644",
      "path": "src/middlewares/rate-limit.ts",
      "sha256": "05affc5a01faecec",
      "strategy": "create",
    },
    {
      "mode": "644",
      "path": "src/middlewares/request-logger.ts",
      "sha256": "08feb1cb39f2edb8",
      "strategy": "create",
    },
    {
      "mode": "644",
      "path": "src/routes/health.ts",
      "sha256": "e9174cb18ab3674c",
      "strategy": "create",
    },
    {
      "mode": "644",
      "path": "src/server.ts",
      "sha256": "013c98164a93f787",
      "strategy": "create",
    },
    {
      "mode": "644",
      "path": "tsconfig.json",
      "sha256": "a8e6f723d9617de5",
      "strategy": "create",
    },
  ],
  "modules": [
    "language-node",
    "framework-express",
    "orm-prisma",
    "arch-clean",
    "quality-eslint",
    "quality-husky",
    "quality-prettier",
    "middleware-compression",
    "middleware-cors",
    "middleware-request-logger",
    "security-helmet",
    "security-origin-checks",
    "security-rate-limit",
  ],
}
`;
